['ingress-nginx.values']
SnapShot = """
- object:
    apiVersion: admissionregistration.k8s.io/v1
    kind: ValidatingWebhookConfiguration
    metadata:
        annotations: null
        labels:
            app.kubernetes.io/component: admission-webhook
            app.kubernetes.io/instance: chartsnap
            app.kubernetes.io/managed-by: Helm
            app.kubernetes.io/name: ingress-nginx
            app.kubernetes.io/part-of: ingress-nginx
            app.kubernetes.io/version: 1.9.3
            helm.sh/chart: ingress-nginx-4.8.2
        name: chartsnap-ingress-nginx-admission
    webhooks:
        - admissionReviewVersions:
            - v1
          clientConfig:
            service:
                name: chartsnap-ingress-nginx-controller-admission
                namespace: default
                path: /networking/v1/ingresses
          failurePolicy: Fail
          matchPolicy: Equivalent
          name: validate.nginx.ingress.kubernetes.io
          rules:
            - apiGroups:
                - networking.k8s.io
              apiVersions:
                - v1
              operations:
                - CREATE
                - UPDATE
              resources:
                - ingresses
          sideEffects: None
- object:
    apiVersion: apps/v1
    kind: Deployment
    metadata:
        labels:
            app.kubernetes.io/component: controller
            app.kubernetes.io/instance: chartsnap
            app.kubernetes.io/managed-by: Helm
            app.kubernetes.io/name: ingress-nginx
            app.kubernetes.io/part-of: ingress-nginx
            app.kubernetes.io/version: 1.9.3
            helm.sh/chart: ingress-nginx-4.8.2
        name: chartsnap-ingress-nginx-controller
        namespace: default
    spec:
        minReadySeconds: 0
        replicas: 1
        revisionHistoryLimit: 10
        selector:
            matchLabels:
                app.kubernetes.io/component: controller
                app.kubernetes.io/instance: chartsnap
                app.kubernetes.io/name: ingress-nginx
        template:
            metadata:
                labels:
                    app.kubernetes.io/component: controller
                    app.kubernetes.io/instance: chartsnap
                    app.kubernetes.io/managed-by: Helm
                    app.kubernetes.io/name: ingress-nginx
                    app.kubernetes.io/part-of: ingress-nginx
                    app.kubernetes.io/version: 1.9.3
                    helm.sh/chart: ingress-nginx-4.8.2
            spec:
                containers:
                    - args:
                        - /nginx-ingress-controller
                        - --publish-service=$(POD_NAMESPACE)/chartsnap-ingress-nginx-controller
                        - --election-id=chartsnap-ingress-nginx-leader
                        - --controller-class=k8s.io/ingress-nginx
                        - --ingress-class=nginx
                        - --configmap=$(POD_NAMESPACE)/chartsnap-ingress-nginx-controller
                        - --validating-webhook=:8443
                        - --validating-webhook-certificate=/usr/local/certificates/cert
                        - --validating-webhook-key=/usr/local/certificates/key
                      env:
                        - name: POD_NAME
                          valueFrom:
                            fieldRef:
                                fieldPath: metadata.name
                        - name: POD_NAMESPACE
                          valueFrom:
                            fieldRef:
                                fieldPath: metadata.namespace
                        - name: LD_PRELOAD
                          value: /usr/local/lib/libmimalloc.so
                      image: registry.k8s.io/ingress-nginx/controller:v1.9.3@sha256:8fd21d59428507671ce0fb47f818b1d859c92d2ad07bb7c947268d433030ba98
                      imagePullPolicy: IfNotPresent
                      lifecycle:
                        preStop:
                            exec:
                                command:
                                    - /wait-shutdown
                      livenessProbe:
                        failureThreshold: 5
                        httpGet:
                            path: /healthz
                            port: 10254
                            scheme: HTTP
                        initialDelaySeconds: 10
                        periodSeconds: 10
                        successThreshold: 1
                        timeoutSeconds: 1
                      name: controller
                      ports:
                        - containerPort: 80
                          name: http
                          protocol: TCP
                        - containerPort: 443
                          name: https
                          protocol: TCP
                        - containerPort: 8443
                          name: webhook
                          protocol: TCP
                      readinessProbe:
                        failureThreshold: 3
                        httpGet:
                            path: /healthz
                            port: 10254
                            scheme: HTTP
                        initialDelaySeconds: 10
                        periodSeconds: 10
                        successThreshold: 1
                        timeoutSeconds: 1
                      resources:
                        requests:
                            cpu: 100m
                            memory: 90Mi
                      securityContext:
                        allowPrivilegeEscalation: true
                        capabilities:
                            add:
                                - NET_BIND_SERVICE
                            drop:
                                - ALL
                        runAsUser: 101
                      volumeMounts:
                        - mountPath: /usr/local/certificates/
                          name: webhook-cert
                          readOnly: true
                dnsPolicy: ClusterFirst
                nodeSelector:
                    kubernetes.io/os: linux
                serviceAccountName: chartsnap-ingress-nginx
                terminationGracePeriodSeconds: 300
                volumes:
                    - name: webhook-cert
                      secret:
                        secretName: chartsnap-ingress-nginx-admission
- object:
    apiVersion: batch/v1
    kind: Job
    metadata:
        annotations:
            helm.sh/hook: pre-install,pre-upgrade
            helm.sh/hook-delete-policy: before-hook-creation,hook-succeeded
        labels:
            app.kubernetes.io/component: admission-webhook
            app.kubernetes.io/instance: chartsnap
            app.kubernetes.io/managed-by: Helm
            app.kubernetes.io/name: ingress-nginx
            app.kubernetes.io/part-of: ingress-nginx
            app.kubernetes.io/version: 1.9.3
            helm.sh/chart: ingress-nginx-4.8.2
        name: chartsnap-ingress-nginx-admission-create
        namespace: default
    spec:
        template:
            metadata:
                labels:
                    app.kubernetes.io/component: admission-webhook
                    app.kubernetes.io/instance: chartsnap
                    app.kubernetes.io/managed-by: Helm
                    app.kubernetes.io/name: ingress-nginx
                    app.kubernetes.io/part-of: ingress-nginx
                    app.kubernetes.io/version: 1.9.3
                    helm.sh/chart: ingress-nginx-4.8.2
                name: chartsnap-ingress-nginx-admission-create
            spec:
                containers:
                    - args:
                        - create
                        - --host=chartsnap-ingress-nginx-controller-admission,chartsnap-ingress-nginx-controller-admission.$(POD_NAMESPACE).svc
                        - --namespace=$(POD_NAMESPACE)
                        - --secret-name=chartsnap-ingress-nginx-admission
                      env:
                        - name: POD_NAMESPACE
                          valueFrom:
                            fieldRef:
                                fieldPath: metadata.namespace
                      image: registry.k8s.io/ingress-nginx/kube-webhook-certgen:v20231011-8b53cabe0@sha256:a7943503b45d552785aa3b5e457f169a5661fb94d82b8a3373bcd9ebaf9aac80
                      imagePullPolicy: IfNotPresent
                      name: create
                      securityContext:
                        allowPrivilegeEscalation: false
                nodeSelector:
                    kubernetes.io/os: linux
                restartPolicy: OnFailure
                securityContext:
                    fsGroup: 2000
                    runAsNonRoot: true
                    runAsUser: 2000
                serviceAccountName: chartsnap-ingress-nginx-admission
- object:
    apiVersion: batch/v1
    kind: Job
    metadata:
        annotations:
            helm.sh/hook: post-install,post-upgrade
            helm.sh/hook-delete-policy: before-hook-creation,hook-succeeded
        labels:
            app.kubernetes.io/component: admission-webhook
            app.kubernetes.io/instance: chartsnap
            app.kubernetes.io/managed-by: Helm
            app.kubernetes.io/name: ingress-nginx
            app.kubernetes.io/part-of: ingress-nginx
            app.kubernetes.io/version: 1.9.3
            helm.sh/chart: ingress-nginx-4.8.2
        name: chartsnap-ingress-nginx-admission-patch
        namespace: default
    spec:
        template:
            metadata:
                labels:
                    app.kubernetes.io/component: admission-webhook
                    app.kubernetes.io/instance: chartsnap
                    app.kubernetes.io/managed-by: Helm
                    app.kubernetes.io/name: ingress-nginx
                    app.kubernetes.io/part-of: ingress-nginx
                    app.kubernetes.io/version: 1.9.3
                    helm.sh/chart: ingress-nginx-4.8.2
                name: chartsnap-ingress-nginx-admission-patch
            spec:
                containers:
                    - args:
                        - patch
                        - --webhook-name=chartsnap-ingress-nginx-admission
                        - --namespace=$(POD_NAMESPACE)
                        - --patch-mutating=false
                        - --secret-name=chartsnap-ingress-nginx-admission
                        - --patch-failure-policy=Fail
                      env:
                        - name: POD_NAMESPACE
                          valueFrom:
                            fieldRef:
                                fieldPath: metadata.namespace
                      image: registry.k8s.io/ingress-nginx/kube-webhook-certgen:v20231011-8b53cabe0@sha256:a7943503b45d552785aa3b5e457f169a5661fb94d82b8a3373bcd9ebaf9aac80
                      imagePullPolicy: IfNotPresent
                      name: patch
                      securityContext:
                        allowPrivilegeEscalation: false
                nodeSelector:
                    kubernetes.io/os: linux
                restartPolicy: OnFailure
                securityContext:
                    fsGroup: 2000
                    runAsNonRoot: true
                    runAsUser: 2000
                serviceAccountName: chartsnap-ingress-nginx-admission
- object:
    apiVersion: networking.k8s.io/v1
    kind: IngressClass
    metadata:
        labels:
            app.kubernetes.io/component: controller
            app.kubernetes.io/instance: chartsnap
            app.kubernetes.io/managed-by: Helm
            app.kubernetes.io/name: ingress-nginx
            app.kubernetes.io/part-of: ingress-nginx
            app.kubernetes.io/version: 1.9.3
            helm.sh/chart: ingress-nginx-4.8.2
        name: nginx
    spec:
        controller: k8s.io/ingress-nginx
- object:
    apiVersion: networking.k8s.io/v1
    kind: NetworkPolicy
    metadata:
        annotations:
            helm.sh/hook: pre-install,pre-upgrade,post-install,post-upgrade
            helm.sh/hook-delete-policy: before-hook-creation,hook-succeeded
        labels:
            app.kubernetes.io/component: admission-webhook
            app.kubernetes.io/instance: chartsnap
            app.kubernetes.io/managed-by: Helm
            app.kubernetes.io/name: ingress-nginx
            app.kubernetes.io/part-of: ingress-nginx
            app.kubernetes.io/version: 1.9.3
            helm.sh/chart: ingress-nginx-4.8.2
        name: chartsnap-ingress-nginx-admission
        namespace: default
    spec:
        egress:
            - {}
        podSelector:
            matchLabels:
                app.kubernetes.io/component: admission-webhook
                app.kubernetes.io/instance: chartsnap
                app.kubernetes.io/name: ingress-nginx
        policyTypes:
            - Ingress
            - Egress
- object:
    apiVersion: rbac.authorization.k8s.io/v1
    kind: ClusterRole
    metadata:
        labels:
            app.kubernetes.io/instance: chartsnap
            app.kubernetes.io/managed-by: Helm
            app.kubernetes.io/name: ingress-nginx
            app.kubernetes.io/part-of: ingress-nginx
            app.kubernetes.io/version: 1.9.3
            helm.sh/chart: ingress-nginx-4.8.2
        name: chartsnap-ingress-nginx
    rules:
        - apiGroups:
            - \"\"
          resources:
            - configmaps
            - endpoints
            - nodes
            - pods
            - secrets
            - namespaces
          verbs:
            - list
            - watch
        - apiGroups:
            - coordination.k8s.io
          resources:
            - leases
          verbs:
            - list
            - watch
        - apiGroups:
            - \"\"
          resources:
            - nodes
          verbs:
            - get
        - apiGroups:
            - \"\"
          resources:
            - services
          verbs:
            - get
            - list
            - watch
        - apiGroups:
            - networking.k8s.io
          resources:
            - ingresses
          verbs:
            - get
            - list
            - watch
        - apiGroups:
            - \"\"
          resources:
            - events
          verbs:
            - create
            - patch
        - apiGroups:
            - networking.k8s.io
          resources:
            - ingresses/status
          verbs:
            - update
        - apiGroups:
            - networking.k8s.io
          resources:
            - ingressclasses
          verbs:
            - get
            - list
            - watch
        - apiGroups:
            - discovery.k8s.io
          resources:
            - endpointslices
          verbs:
            - list
            - watch
            - get
- object:
    apiVersion: rbac.authorization.k8s.io/v1
    kind: ClusterRole
    metadata:
        annotations:
            helm.sh/hook: pre-install,pre-upgrade,post-install,post-upgrade
            helm.sh/hook-delete-policy: before-hook-creation,hook-succeeded
        labels:
            app.kubernetes.io/component: admission-webhook
            app.kubernetes.io/instance: chartsnap
            app.kubernetes.io/managed-by: Helm
            app.kubernetes.io/name: ingress-nginx
            app.kubernetes.io/part-of: ingress-nginx
            app.kubernetes.io/version: 1.9.3
            helm.sh/chart: ingress-nginx-4.8.2
        name: chartsnap-ingress-nginx-admission
    rules:
        - apiGroups:
            - admissionregistration.k8s.io
          resources:
            - validatingwebhookconfigurations
          verbs:
            - get
            - update
- object:
    apiVersion: rbac.authorization.k8s.io/v1
    kind: ClusterRoleBinding
    metadata:
        labels:
            app.kubernetes.io/instance: chartsnap
            app.kubernetes.io/managed-by: Helm
            app.kubernetes.io/name: ingress-nginx
            app.kubernetes.io/part-of: ingress-nginx
            app.kubernetes.io/version: 1.9.3
            helm.sh/chart: ingress-nginx-4.8.2
        name: chartsnap-ingress-nginx
    roleRef:
        apiGroup: rbac.authorization.k8s.io
        kind: ClusterRole
        name: chartsnap-ingress-nginx
    subjects:
        - kind: ServiceAccount
          name: chartsnap-ingress-nginx
          namespace: default
- object:
    apiVersion: rbac.authorization.k8s.io/v1
    kind: ClusterRoleBinding
    metadata:
        annotations:
            helm.sh/hook: pre-install,pre-upgrade,post-install,post-upgrade
            helm.sh/hook-delete-policy: before-hook-creation,hook-succeeded
        labels:
            app.kubernetes.io/component: admission-webhook
            app.kubernetes.io/instance: chartsnap
            app.kubernetes.io/managed-by: Helm
            app.kubernetes.io/name: ingress-nginx
            app.kubernetes.io/part-of: ingress-nginx
            app.kubernetes.io/version: 1.9.3
            helm.sh/chart: ingress-nginx-4.8.2
        name: chartsnap-ingress-nginx-admission
    roleRef:
        apiGroup: rbac.authorization.k8s.io
        kind: ClusterRole
        name: chartsnap-ingress-nginx-admission
    subjects:
        - kind: ServiceAccount
          name: chartsnap-ingress-nginx-admission
          namespace: default
- object:
    apiVersion: rbac.authorization.k8s.io/v1
    kind: Role
    metadata:
        labels:
            app.kubernetes.io/component: controller
            app.kubernetes.io/instance: chartsnap
            app.kubernetes.io/managed-by: Helm
            app.kubernetes.io/name: ingress-nginx
            app.kubernetes.io/part-of: ingress-nginx
            app.kubernetes.io/version: 1.9.3
            helm.sh/chart: ingress-nginx-4.8.2
        name: chartsnap-ingress-nginx
        namespace: default
    rules:
        - apiGroups:
            - \"\"
          resources:
            - namespaces
          verbs:
            - get
        - apiGroups:
            - \"\"
          resources:
            - configmaps
            - pods
            - secrets
            - endpoints
          verbs:
            - get
            - list
            - watch
        - apiGroups:
            - \"\"
          resources:
            - services
          verbs:
            - get
            - list
            - watch
        - apiGroups:
            - networking.k8s.io
          resources:
            - ingresses
          verbs:
            - get
            - list
            - watch
        - apiGroups:
            - networking.k8s.io
          resources:
            - ingresses/status
          verbs:
            - update
        - apiGroups:
            - networking.k8s.io
          resources:
            - ingressclasses
          verbs:
            - get
            - list
            - watch
        - apiGroups:
            - coordination.k8s.io
          resourceNames:
            - chartsnap-ingress-nginx-leader
          resources:
            - leases
          verbs:
            - get
            - update
        - apiGroups:
            - coordination.k8s.io
          resources:
            - leases
          verbs:
            - create
        - apiGroups:
            - \"\"
          resources:
            - events
          verbs:
            - create
            - patch
        - apiGroups:
            - discovery.k8s.io
          resources:
            - endpointslices
          verbs:
            - list
            - watch
            - get
- object:
    apiVersion: rbac.authorization.k8s.io/v1
    kind: Role
    metadata:
        annotations:
            helm.sh/hook: pre-install,pre-upgrade,post-install,post-upgrade
            helm.sh/hook-delete-policy: before-hook-creation,hook-succeeded
        labels:
            app.kubernetes.io/component: admission-webhook
            app.kubernetes.io/instance: chartsnap
            app.kubernetes.io/managed-by: Helm
            app.kubernetes.io/name: ingress-nginx
            app.kubernetes.io/part-of: ingress-nginx
            app.kubernetes.io/version: 1.9.3
            helm.sh/chart: ingress-nginx-4.8.2
        name: chartsnap-ingress-nginx-admission
        namespace: default
    rules:
        - apiGroups:
            - \"\"
          resources:
            - secrets
          verbs:
            - get
            - create
- object:
    apiVersion: rbac.authorization.k8s.io/v1
    kind: RoleBinding
    metadata:
        labels:
            app.kubernetes.io/component: controller
            app.kubernetes.io/instance: chartsnap
            app.kubernetes.io/managed-by: Helm
            app.kubernetes.io/name: ingress-nginx
            app.kubernetes.io/part-of: ingress-nginx
            app.kubernetes.io/version: 1.9.3
            helm.sh/chart: ingress-nginx-4.8.2
        name: chartsnap-ingress-nginx
        namespace: default
    roleRef:
        apiGroup: rbac.authorization.k8s.io
        kind: Role
        name: chartsnap-ingress-nginx
    subjects:
        - kind: ServiceAccount
          name: chartsnap-ingress-nginx
          namespace: default
- object:
    apiVersion: rbac.authorization.k8s.io/v1
    kind: RoleBinding
    metadata:
        annotations:
            helm.sh/hook: pre-install,pre-upgrade,post-install,post-upgrade
            helm.sh/hook-delete-policy: before-hook-creation,hook-succeeded
        labels:
            app.kubernetes.io/component: admission-webhook
            app.kubernetes.io/instance: chartsnap
            app.kubernetes.io/managed-by: Helm
            app.kubernetes.io/name: ingress-nginx
            app.kubernetes.io/part-of: ingress-nginx
            app.kubernetes.io/version: 1.9.3
            helm.sh/chart: ingress-nginx-4.8.2
        name: chartsnap-ingress-nginx-admission
        namespace: default
    roleRef:
        apiGroup: rbac.authorization.k8s.io
        kind: Role
        name: chartsnap-ingress-nginx-admission
    subjects:
        - kind: ServiceAccount
          name: chartsnap-ingress-nginx-admission
          namespace: default
- object:
    apiVersion: v1
    data:
        allow-snippet-annotations: \"false\"
    kind: ConfigMap
    metadata:
        labels:
            app.kubernetes.io/component: controller
            app.kubernetes.io/instance: chartsnap
            app.kubernetes.io/managed-by: Helm
            app.kubernetes.io/name: ingress-nginx
            app.kubernetes.io/part-of: ingress-nginx
            app.kubernetes.io/version: 1.9.3
            helm.sh/chart: ingress-nginx-4.8.2
        name: chartsnap-ingress-nginx-controller
        namespace: default
- object:
    apiVersion: v1
    kind: Service
    metadata:
        annotations: null
        labels:
            app.kubernetes.io/component: controller
            app.kubernetes.io/instance: chartsnap
            app.kubernetes.io/managed-by: Helm
            app.kubernetes.io/name: ingress-nginx
            app.kubernetes.io/part-of: ingress-nginx
            app.kubernetes.io/version: 1.9.3
            helm.sh/chart: ingress-nginx-4.8.2
        name: chartsnap-ingress-nginx-controller
        namespace: default
    spec:
        ipFamilies:
            - IPv4
        ipFamilyPolicy: SingleStack
        ports:
            - appProtocol: http
              name: http
              port: 80
              protocol: TCP
              targetPort: http
            - appProtocol: https
              name: https
              port: 443
              protocol: TCP
              targetPort: https
        selector:
            app.kubernetes.io/component: controller
            app.kubernetes.io/instance: chartsnap
            app.kubernetes.io/name: ingress-nginx
        type: LoadBalancer
- object:
    apiVersion: v1
    kind: Service
    metadata:
        labels:
            app.kubernetes.io/component: controller
            app.kubernetes.io/instance: chartsnap
            app.kubernetes.io/managed-by: Helm
            app.kubernetes.io/name: ingress-nginx
            app.kubernetes.io/part-of: ingress-nginx
            app.kubernetes.io/version: 1.9.3
            helm.sh/chart: ingress-nginx-4.8.2
        name: chartsnap-ingress-nginx-controller-admission
        namespace: default
    spec:
        ports:
            - appProtocol: https
              name: https-webhook
              port: 443
              targetPort: webhook
        selector:
            app.kubernetes.io/component: controller
            app.kubernetes.io/instance: chartsnap
            app.kubernetes.io/name: ingress-nginx
        type: ClusterIP
- object:
    apiVersion: v1
    kind: Service
    metadata:
        annotations:
            service.beta.kubernetes.io/aws-load-balancer-scheme: internal
        labels:
            app.kubernetes.io/component: controller
            app.kubernetes.io/instance: chartsnap
            app.kubernetes.io/managed-by: Helm
            app.kubernetes.io/name: ingress-nginx
            app.kubernetes.io/part-of: ingress-nginx
            app.kubernetes.io/version: 1.9.3
            helm.sh/chart: ingress-nginx-4.8.2
        name: chartsnap-ingress-nginx-controller-internal
        namespace: default
    spec:
        ports:
            - appProtocol: http
              name: http
              port: 80
              protocol: TCP
              targetPort: http
            - appProtocol: https
              name: https
              port: 443
              protocol: TCP
              targetPort: https
        selector:
            app.kubernetes.io/component: controller
            app.kubernetes.io/instance: chartsnap
            app.kubernetes.io/name: ingress-nginx
        type: LoadBalancer
- object:
    apiVersion: v1
    automountServiceAccountToken: true
    kind: ServiceAccount
    metadata:
        labels:
            app.kubernetes.io/component: controller
            app.kubernetes.io/instance: chartsnap
            app.kubernetes.io/managed-by: Helm
            app.kubernetes.io/name: ingress-nginx
            app.kubernetes.io/part-of: ingress-nginx
            app.kubernetes.io/version: 1.9.3
            helm.sh/chart: ingress-nginx-4.8.2
        name: chartsnap-ingress-nginx
        namespace: default
- object:
    apiVersion: v1
    kind: ServiceAccount
    metadata:
        annotations:
            helm.sh/hook: pre-install,pre-upgrade,post-install,post-upgrade
            helm.sh/hook-delete-policy: before-hook-creation,hook-succeeded
        labels:
            app.kubernetes.io/component: admission-webhook
            app.kubernetes.io/instance: chartsnap
            app.kubernetes.io/managed-by: Helm
            app.kubernetes.io/name: ingress-nginx
            app.kubernetes.io/part-of: ingress-nginx
            app.kubernetes.io/version: 1.9.3
            helm.sh/chart: ingress-nginx-4.8.2
        name: chartsnap-ingress-nginx-admission
        namespace: default
"""
